"ts","cpu","dur","utid"
81473010031230,2,78021,1
81473010109251,2,12500,0
81473010121751,2,58021,2
81473010179772,2,24114,0
81473010203886,2,30834,3
81473010234720,2,43802,0
81473010278522,2,29948,4
81473010308470,2,44322,0
81473010341386,1,158854,5
81473010352792,2,32917,6
