"name","str_value"
"trace_uuid","123e4567-e89b-12d3-a456-426655443322"
