"depth","count"
0,84
1,14
2,2
0,13379
1,11548
2,10181
3,1927
4,4001
5,2543
6,1856
7,2209
8,2200
9,1672
10,353
11,331
12,304
13,246
14,207
15,175
16,114
17,38
18,12
19,1
