"id","ts","name","value","ref","ref_type","arg_set_id"
12884901888,2560462971,"task_start",0.000000,1,"utid",0
12884901889,2564083712,"task_end",0.000000,1,"utid",0
12884901890,2566786330,"task_start",0.000000,1,"utid",0
12884901891,2568627579,"task_end",0.000000,1,"utid",0
12884901892,2570757171,"task_start",0.000000,1,"utid",0
12884901893,2573497124,"task_end",0.000000,1,"utid",0
12884901894,2574674927,"task_start",0.000000,1,"utid",0
12884901895,2576300410,"task_end",0.000000,1,"utid",0
12884901896,2577054782,"task_start",0.000000,1,"utid",0
12884901897,2578715215,"task_end",0.000000,1,"utid",0
