"id","counter_id","ts","value","arg_set_id","name","ref","ref_type"
4294967296,0,20329439768,30.331177,0,"cpu_usage:average_cpu_percentage",3,"utid"
4294967297,0,21331281870,7.829745,0,"cpu_usage:average_cpu_percentage",3,"utid"
4294967298,0,22332302017,9.669818,0,"cpu_usage:average_cpu_percentage",3,"utid"
4294967299,0,23332974162,6.421237,0,"cpu_usage:average_cpu_percentage",3,"utid"
4294967300,0,24333405767,12.079849,0,"cpu_usage:average_cpu_percentage",3,"utid"
