"counter_id","ts","value","name","ref","ref_type"
1,10,1.000000,"bar",0,"gpu"
2,20,2.000000,"gpu_counter(2)",0,"gpu"
0,30,3.000000,"foo",0,"gpu"
1,40,4.000000,"bar",0,"gpu"
2,50,5.000000,"gpu_counter(2)",0,"gpu"
0,60,6.000000,"foo",0,"gpu"
1,70,7.000000,"bar",0,"gpu"
2,80,8.000000,"gpu_counter(2)",0,"gpu"
0,90,9.000000,"foo",0,"gpu"
