"ts","name","value","dur","ts_end","ref","ref_type","arg_id"
50,"cpufreq",50.000000,350,400,0,"cpu","[NULL]"
