"ts","dur","category","name"
1000,0,"cat","name1"
2000,0,"cat","name2"
