"arg_set_id","flat_key","key","int_value","string_value"
1,"user_event.action","user_event.action","[NULL]","NewTab"
2,"legacy_ipc.class","legacy_ipc.class","[NULL]","AUTOMATION"
2,"legacy_ipc.line","legacy_ipc.line",10,"[NULL]"
3,"keyed_service.name","keyed_service.name","[NULL]","MediaRouter"
4,"latency_info.component_info.component_type","latency_info.component_info[0].component_type","[NULL]","COMPONENT_INPUT_EVENT_LATENCY_FIRST_SCROLL_UPDATE_ORIGINAL"
4,"latency_info.component_info.time_us","latency_info.component_info[0].time_us",1201,"[NULL]"
4,"latency_info.component_info.time_us","latency_info.component_info[1].time_us",928310,"[NULL]"
4,"latency_info.is_coalesced","latency_info.is_coalesced",1,"[NULL]"
4,"latency_info.trace_id","latency_info.trace_id",7,"[NULL]"
