"thread","ts","dur","category","name","arg_set_id"
"t1",1000,0,"cat","name1",2
"t1",2000,0,"cat","name2",3
"t1",3000,0,"cat","name3",4
