"ts","dur","name"
751796307210,4313965,"mali_KCPU_CQS_SET"
751800638997,0,"mali_KCPU_CQS_SET"
