"ts","dur","name"
1345090723759,1180312,"SUBMIT_3D"
1345090746311,1167135,"CTX_DETACH_RESOURCE"
