"tid","pid","pname","tname"
19999,"[NULL]","[NULL]","real_name"
