trace_statistics {
  entry {
    name: "android_log_num_failed"
    value: 0
  }
  entry {
    name: "android_log_num_skipped"
    value: 0
  }
  entry {
    name: "android_log_num_total"
    value: 0
  }
  entry {
    name: "atrace_tgid_mismatch"
    value: 0
  }
  entry {
    name: "clock_snapshot_not_monotonic"
    value: 0
  }
  entry {
    name: "counter_events_out_of_order"
    value: 0
  }
  entry {
    name: "ftrace_bundle_tokenizer_errors"
    value: 0
  }
  entry {
    name: "ftrace_cpu_bytes_read_begin"
    idx: 0
    value: 0
  }
  entry {
    name: "ftrace_cpu_bytes_read_begin"
    idx: 1
    value: 0
  }
  entry {
    name: "ftrace_cpu_bytes_read_begin"
    idx: 2
    value: 0
  }
  entry {
    name: "ftrace_cpu_bytes_read_begin"
    idx: 3
    value: 0
  }
  entry {
    name: "ftrace_cpu_bytes_read_begin"
    idx: 4
    value: 0
  }
  entry {
    name: "ftrace_cpu_bytes_read_begin"
    idx: 5
    value: 0
  }
  entry {
    name: "ftrace_cpu_bytes_read_begin"
    idx: 6
    value: 0
  }
  entry {
    name: "ftrace_cpu_bytes_read_begin"
    idx: 7
    value: 0
  }
  entry {
    name: "ftrace_cpu_bytes_read_end"
    idx: 0
    value: 10608
  }
  entry {
    name: "ftrace_cpu_bytes_read_end"
    idx: 1
    value: 8228
  }
  entry {
    name: "ftrace_cpu_bytes_read_end"
    idx: 2
    value: 6868
  }
  entry {
    name: "ftrace_cpu_bytes_read_end"
    idx: 3
    value: 1904
  }
  entry {
    name: "ftrace_cpu_bytes_read_end"
    idx: 4
    value: 3488
  }
  entry {
    name: "ftrace_cpu_bytes_read_end"
    idx: 5
    value: 1428
  }
  entry {
    name: "ftrace_cpu_bytes_read_end"
    idx: 6
    value: 5984
  }
  entry {
    name: "ftrace_cpu_bytes_read_end"
    idx: 7
    value: 68
  }
  entry {
    name: "ftrace_cpu_commit_overrun_begin"
    idx: 0
    value: 0
  }
  entry {
    name: "ftrace_cpu_commit_overrun_begin"
    idx: 1
    value: 0
  }
  entry {
    name: "ftrace_cpu_commit_overrun_begin"
    idx: 2
    value: 0
  }
  entry {
    name: "ftrace_cpu_commit_overrun_begin"
    idx: 3
    value: 0
  }
  entry {
    name: "ftrace_cpu_commit_overrun_begin"
    idx: 4
    value: 0
  }
  entry {
    name: "ftrace_cpu_commit_overrun_begin"
    idx: 5
    value: 0
  }
  entry {
    name: "ftrace_cpu_commit_overrun_begin"
    idx: 6
    value: 0
  }
  entry {
    name: "ftrace_cpu_commit_overrun_begin"
    idx: 7
    value: 0
  }
  entry {
    name: "ftrace_cpu_commit_overrun_end"
    idx: 0
    value: 0
  }
  entry {
    name: "ftrace_cpu_commit_overrun_end"
    idx: 1
    value: 0
  }
  entry {
    name: "ftrace_cpu_commit_overrun_end"
    idx: 2
    value: 0
  }
  entry {
    name: "ftrace_cpu_commit_overrun_end"
    idx: 3
    value: 0
  }
  entry {
    name: "ftrace_cpu_commit_overrun_end"
    idx: 4
    value: 0
  }
  entry {
    name: "ftrace_cpu_commit_overrun_end"
    idx: 5
    value: 0
  }
  entry {
    name: "ftrace_cpu_commit_overrun_end"
    idx: 6
    value: 0
  }
  entry {
    name: "ftrace_cpu_commit_overrun_end"
    idx: 7
    value: 0
  }
  entry {
    name: "ftrace_cpu_dropped_events_begin"
    idx: 0
    value: 0
  }
  entry {
    name: "ftrace_cpu_dropped_events_begin"
    idx: 1
    value: 0
  }
  entry {
    name: "ftrace_cpu_dropped_events_begin"
    idx: 2
    value: 0
  }
  entry {
    name: "ftrace_cpu_dropped_events_begin"
    idx: 3
    value: 0
  }
  entry {
    name: "ftrace_cpu_dropped_events_begin"
    idx: 4
    value: 0
  }
  entry {
    name: "ftrace_cpu_dropped_events_begin"
    idx: 5
    value: 0
  }
  entry {
    name: "ftrace_cpu_dropped_events_begin"
    idx: 6
    value: 0
  }
  entry {
    name: "ftrace_cpu_dropped_events_begin"
    idx: 7
    value: 0
  }
  entry {
    name: "ftrace_cpu_dropped_events_end"
    idx: 0
    value: 0
  }
  entry {
    name: "ftrace_cpu_dropped_events_end"
    idx: 1
    value: 0
  }
  entry {
    name: "ftrace_cpu_dropped_events_end"
    idx: 2
    value: 0
  }
  entry {
    name: "ftrace_cpu_dropped_events_end"
    idx: 3
    value: 0
  }
  entry {
    name: "ftrace_cpu_dropped_events_end"
    idx: 4
    value: 0
  }
  entry {
    name: "ftrace_cpu_dropped_events_end"
    idx: 5
    value: 0
  }
  entry {
    name: "ftrace_cpu_dropped_events_end"
    idx: 6
    value: 0
  }
  entry {
    name: "ftrace_cpu_dropped_events_end"
    idx: 7
    value: 0
  }
  entry {
    name: "ftrace_cpu_entries_begin"
    idx: 0
    value: 0
  }
  entry {
    name: "ftrace_cpu_entries_begin"
    idx: 1
    value: 0
  }
  entry {
    name: "ftrace_cpu_entries_begin"
    idx: 2
    value: 0
  }
  entry {
    name: "ftrace_cpu_entries_begin"
    idx: 3
    value: 0
  }
  entry {
    name: "ftrace_cpu_entries_begin"
    idx: 4
    value: 0
  }
  entry {
    name: "ftrace_cpu_entries_begin"
    idx: 5
    value: 0
  }
  entry {
    name: "ftrace_cpu_entries_begin"
    idx: 6
    value: 0
  }
  entry {
    name: "ftrace_cpu_entries_begin"
    idx: 7
    value: 0
  }
  entry {
    name: "ftrace_cpu_entries_end"
    idx: 0
    value: 156
  }
  entry {
    name: "ftrace_cpu_entries_end"
    idx: 1
    value: 121
  }
  entry {
    name: "ftrace_cpu_entries_end"
    idx: 2
    value: 101
  }
  entry {
    name: "ftrace_cpu_entries_end"
    idx: 3
    value: 28
  }
  entry {
    name: "ftrace_cpu_entries_end"
    idx: 4
    value: 48
  }
  entry {
    name: "ftrace_cpu_entries_end"
    idx: 5
    value: 21
  }
  entry {
    name: "ftrace_cpu_entries_end"
    idx: 6
    value: 88
  }
  entry {
    name: "ftrace_cpu_entries_end"
    idx: 7
    value: 1
  }
  entry {
    name: "ftrace_cpu_now_ts_begin"
    idx: 0
    value: 22240236140000
  }
  entry {
    name: "ftrace_cpu_now_ts_begin"
    idx: 1
    value: 22240236324000
  }
  entry {
    name: "ftrace_cpu_now_ts_begin"
    idx: 2
    value: 22240236374000
  }
  entry {
    name: "ftrace_cpu_now_ts_begin"
    idx: 3
    value: 22240236427000
  }
  entry {
    name: "ftrace_cpu_now_ts_begin"
    idx: 4
    value: 22240236477000
  }
  entry {
    name: "ftrace_cpu_now_ts_begin"
    idx: 5
    value: 22240236526000
  }
  entry {
    name: "ftrace_cpu_now_ts_begin"
    idx: 6
    value: 22240236579000
  }
  entry {
    name: "ftrace_cpu_now_ts_begin"
    idx: 7
    value: 22240236625000
  }
  entry {
    name: "ftrace_cpu_now_ts_end"
    idx: 0
    value: 22249776931000
  }
  entry {
    name: "ftrace_cpu_now_ts_end"
    idx: 1
    value: 22249777014000
  }
  entry {
    name: "ftrace_cpu_now_ts_end"
    idx: 2
    value: 22249777077000
  }
  entry {
    name: "ftrace_cpu_now_ts_end"
    idx: 3
    value: 22249777137000
  }
  entry {
    name: "ftrace_cpu_now_ts_end"
    idx: 4
    value: 22249777197000
  }
  entry {
    name: "ftrace_cpu_now_ts_end"
    idx: 5
    value: 22249777257000
  }
  entry {
    name: "ftrace_cpu_now_ts_end"
    idx: 6
    value: 22249777317000
  }
  entry {
    name: "ftrace_cpu_now_ts_end"
    idx: 7
    value: 22249777375000
  }
  entry {
    name: "ftrace_cpu_oldest_event_ts_begin"
    idx: 0
    value: 9223372036854775807
  }
  entry {
    name: "ftrace_cpu_oldest_event_ts_begin"
    idx: 1
    value: 7771029041000
  }
  entry {
    name: "ftrace_cpu_oldest_event_ts_begin"
    idx: 2
    value: 0
  }
  entry {
    name: "ftrace_cpu_oldest_event_ts_begin"
    idx: 3
    value: 9223372036854775807
  }
  entry {
    name: "ftrace_cpu_oldest_event_ts_begin"
    idx: 4
    value: 7769330453000
  }
  entry {
    name: "ftrace_cpu_oldest_event_ts_begin"
    idx: 5
    value: 9223372036854775807
  }
  entry {
    name: "ftrace_cpu_oldest_event_ts_begin"
    idx: 6
    value: 7768019679000
  }
  entry {
    name: "ftrace_cpu_oldest_event_ts_begin"
    idx: 7
    value: 7761857522000
  }
  entry {
    name: "ftrace_cpu_oldest_event_ts_end"
    idx: 0
    value: 22249747676000
  }
  entry {
    name: "ftrace_cpu_oldest_event_ts_end"
    idx: 1
    value: 22249742988000
  }
  entry {
    name: "ftrace_cpu_oldest_event_ts_end"
    idx: 2
    value: 22249742952000
  }
  entry {
    name: "ftrace_cpu_oldest_event_ts_end"
    idx: 3
    value: 22249729550000
  }
  entry {
    name: "ftrace_cpu_oldest_event_ts_end"
    idx: 4
    value: 22249396588000
  }
  entry {
    name: "ftrace_cpu_oldest_event_ts_end"
    idx: 5
    value: 22249614218000
  }
  entry {
    name: "ftrace_cpu_oldest_event_ts_end"
    idx: 6
    value: 22249744277000
  }
  entry {
    name: "ftrace_cpu_oldest_event_ts_end"
    idx: 7
    value: 22249774165000
  }
  entry {
    name: "ftrace_cpu_overrun_begin"
    idx: 0
    value: 0
  }
  entry {
    name: "ftrace_cpu_overrun_begin"
    idx: 1
    value: 0
  }
  entry {
    name: "ftrace_cpu_overrun_begin"
    idx: 2
    value: 0
  }
  entry {
    name: "ftrace_cpu_overrun_begin"
    idx: 3
    value: 0
  }
  entry {
    name: "ftrace_cpu_overrun_begin"
    idx: 4
    value: 0
  }
  entry {
    name: "ftrace_cpu_overrun_begin"
    idx: 5
    value: 0
  }
  entry {
    name: "ftrace_cpu_overrun_begin"
    idx: 6
    value: 0
  }
  entry {
    name: "ftrace_cpu_overrun_begin"
    idx: 7
    value: 0
  }
  entry {
    name: "ftrace_cpu_overrun_end"
    idx: 0
    value: 0
  }
  entry {
    name: "ftrace_cpu_overrun_end"
    idx: 1
    value: 0
  }
  entry {
    name: "ftrace_cpu_overrun_end"
    idx: 2
    value: 0
  }
  entry {
    name: "ftrace_cpu_overrun_end"
    idx: 3
    value: 0
  }
  entry {
    name: "ftrace_cpu_overrun_end"
    idx: 4
    value: 0
  }
  entry {
    name: "ftrace_cpu_overrun_end"
    idx: 5
    value: 0
  }
  entry {
    name: "ftrace_cpu_overrun_end"
    idx: 6
    value: 0
  }
  entry {
    name: "ftrace_cpu_overrun_end"
    idx: 7
    value: 0
  }
  entry {
    name: "ftrace_cpu_read_events_begin"
    idx: 0
    value: 0
  }
  entry {
    name: "ftrace_cpu_read_events_begin"
    idx: 1
    value: 0
  }
  entry {
    name: "ftrace_cpu_read_events_begin"
    idx: 2
    value: 0
  }
  entry {
    name: "ftrace_cpu_read_events_begin"
    idx: 3
    value: 0
  }
  entry {
    name: "ftrace_cpu_read_events_begin"
    idx: 4
    value: 0
  }
  entry {
    name: "ftrace_cpu_read_events_begin"
    idx: 5
    value: 0
  }
  entry {
    name: "ftrace_cpu_read_events_begin"
    idx: 6
    value: 0
  }
  entry {
    name: "ftrace_cpu_read_events_begin"
    idx: 7
    value: 0
  }
  entry {
    name: "ftrace_cpu_read_events_end"
    idx: 0
    value: 23385
  }
  entry {
    name: "ftrace_cpu_read_events_end"
    idx: 1
    value: 18213
  }
  entry {
    name: "ftrace_cpu_read_events_end"
    idx: 2
    value: 10881
  }
  entry {
    name: "ftrace_cpu_read_events_end"
    idx: 3
    value: 6433
  }
  entry {
    name: "ftrace_cpu_read_events_end"
    idx: 4
    value: 12134
  }
  entry {
    name: "ftrace_cpu_read_events_end"
    idx: 5
    value: 11234
  }
  entry {
    name: "ftrace_cpu_read_events_end"
    idx: 6
    value: 11647
  }
  entry {
    name: "ftrace_cpu_read_events_end"
    idx: 7
    value: 9715
  }
  entry {
    name: "interned_data_tokenizer_errors"
    value: 0
  }
  entry {
    name: "invalid_clock_snapshots"
    value: 0
  }
  entry {
    name: "invalid_cpu_times"
    value: 0
  }
  entry {
    name: "meminfo_unknown_keys"
    value: 0
  }
  entry {
    name: "mismatched_sched_switch_tids"
    value: 5
  }
  entry {
    name: "mm_unknown_type"
    value: 0
  }
  entry {
    name: "power_rail_unknown_index"
    value: 0
  }
  entry {
    name: "proc_stat_unknown_counters"
    value: 0
  }
  entry {
    name: "rss_stat_unknown_keys"
    value: 0
  }
  entry {
    name: "rss_stat_negative_size"
    value: 0
  }
  entry {
    name: "sched_switch_out_of_order"
    value: 0
  }
  entry {
    name: "slice_out_of_order"
    value: 0
  }
  entry {
    name: "systrace_parse_failure"
    value: 0
  }
  entry {
    name: "task_state_invalid"
    value: 0
  }
  entry {
    name: "traced_buf_buffer_size"
    idx: 0
    value: 0
  }
  entry {
    name: "traced_buf_bytes_overwritten"
    idx: 0
    value: 0
  }
  entry {
    name: "traced_buf_bytes_read"
    idx: 0
    value: 0
  }
  entry {
    name: "traced_buf_bytes_written"
    idx: 0
    value: 6377040
  }
  entry {
    name: "traced_buf_chunks_discarded"
    idx: 0
    value: 0
  }
  entry {
    name: "traced_buf_chunks_overwritten"
    idx: 0
    value: 0
  }
  entry {
    name: "traced_buf_chunks_read"
    idx: 0
    value: 0
  }
  entry {
    name: "traced_buf_chunks_rewritten"
    idx: 0
    value: 0
  }
  entry {
    name: "traced_buf_chunks_written"
    idx: 0
    value: 1563
  }
  entry {
    name: "traced_buf_chunks_committed_out_of_order"
    idx: 0
    value: 0
  }
  entry {
    name: "traced_buf_padding_bytes_cleared"
    idx: 0
    value: 0
  }
  entry {
    name: "traced_buf_padding_bytes_written"
    idx: 0
    value: 0
  }
  entry {
    name: "traced_buf_patches_failed"
    idx: 0
    value: 0
  }
  entry {
    name: "traced_buf_patches_succeeded"
    idx: 0
    value: 3926
  }
  entry {
    name: "traced_buf_readaheads_failed"
    idx: 0
    value: 0
  }
  entry {
    name: "traced_buf_readaheads_succeeded"
    idx: 0
    value: 0
  }
  entry {
    name: "traced_buf_write_wrap_count"
    idx: 0
    value: 0
  }
  entry {
    name: "traced_chunks_discarded"
    value: 0
  }
  entry {
    name: "traced_data_sources_registered"
    value: 4
  }
  entry {
    name: "traced_data_sources_seen"
    value: 6
  }
  entry {
    name: "traced_patches_discarded"
    value: 0
  }
  entry {
    name: "traced_producers_connected"
    value: 1
  }
  entry {
    name: "traced_producers_seen"
    value: 0
  }
  entry {
    name: "traced_total_buffers"
    value: 1
  }
  entry {
    name: "traced_tracing_sessions"
    value: 1
  }
  entry {
    name: "track_event_tokenizer_errors"
    value: 0
  }
  entry {
    name: "track_event_tokenizer_skipped_packets"
    value: 0
  }
  entry {
    name: "vmstat_unknown_keys"
    value: 0
  }
  entry {
    name: "clock_sync_failure"
    value: 0
  }
  entry {
    name: "process_tracker_errors"
    value: 0
  }
  entry {
    name: "json_tokenizer_failure"
    value: 0
  }
  entry {
    name: "heapprofd_invalid_string_id"
    value: 0
  }
  entry {
    name: "heapprofd_invalid_mapping_id"
    value: 0
  }
  entry {
    name: "heapprofd_invalid_frame_id"
    value: 0
  }
  entry {
    name: "heapprofd_invalid_callstack_id"
    value: 0
  }
}
