
"slice_id","previous_power_state"
424,2
703,2
708,2
