"name"
"Lock contention on <...>"
"monitor contention with <...>"
"SuspendThreadByThreadId <...>"
"LoadApkAssetsFd <...>"
"relayoutWindow <...>"
"CoroutineContinuation"
"Choreographer#doFrame"
"DrawFrames"
"APK load"
"OpenDexFilesFromOat"
"Open oat file"
"CoroutineContinuation"
"Garbage Collector"
"Handler: android.view.View"
"Handler: android.os.AsyncTask"
"Handler: com.android.systemui.broadcast.ActionReceiver"
"Handler: com.android.keyguard.KeyguardUpdateMonitor"
"Handler: com.android.systemui.qs.external.TileServiceManager"
