"arg_set_id","key","int_value"
2,"chrome_active_processes.pid[0]",10
2,"chrome_active_processes.pid[1]",100
2,"chrome_active_processes.pid[2]",1000
