
"start","reason","debug_limiting_upid","debug_limiting_utid"
10000,"Range of interest packet","[NULL]",2
