
"id","ts","dur","mode"
2,0,1000000000,"response"
3,1000000000,2000000000,"load"
4,3000000000,66666674,"response"
5,3066666674,216666650,"animation"
6,3283333324,216666676,"foreground_idle"
7,3500000000,1000000000,"background"
