
"id","ts","dur","mode"
1,0,1000000000,"response"
2,1000000000,2000000000,"load"
3,3000000000,500000000,"foreground_idle"
4,3500000000,1000000000,"background"
