
"total","sum_explained_and_unexplained","error_rows"
139,139,0
