
"total","janky_latency_info_non_jank_avg_dur","non_janky_latency_info_non_jank_avg_dur"
139,6225.130890,6225.130890
