"ts","dur","name"
74288080958099,110151652,"mm_cma_alloc"
